C51 COMPILER V9.60.7.0   KEY                                                               03/27/2026 20:19:40 PAGE 1   


C51 COMPILER V9.60.7.0, COMPILATION OF MODULE KEY
OBJECT MODULE PLACED IN .\Objects\key.obj
COMPILER INVOKED BY: D:\Keil_v5\C51\BIN\C51.EXE ..\src\driver\key.c OPTIMIZE(8,SPEED) BROWSE INCDIR(..\src\driver) DEBUG
                    - OBJECTEXTEND PRINT(.\Listings\key.lst) TABS(2) OBJECT(.\Objects\key.obj)

line level    source

   1          #include "key.h" // 包含了按键相关的头文件
   2          
   3          /**
   4           * @brief   读取按键函数
   5           * @param   无
   6           * @return  unsigned char - 返回按键值。如果没有按键按下或检测到串口通信，返回0。
   7           * @note    此函数实现了对一个3x4（可配置为4x4）矩阵键盘的扫描。
   8           * 一个关键的设计是：它必须与串行通信和频率测量功能和谐共存。
   9           * P3.0口同时用作按键扫描的列线和UART的接收线(RXD)。
  10           * P3.4口被保留用于频率测量。
  11           * 为防止冲突，函数在扫描前会检查P3.0的状态。
  12           */
  13          unsigned char Key_Read()
  14          {
  15   1          
  16   1          unsigned char temp=0; // 初始化返回值为0 (无按键)
  17   1      
  18   1          // --- 独立按键（已注释） ---
  19   1          // 这部分代码是为独立按键设计的，当前未使用。
  20   1          /*
  21   1          if(P30==0)temp=7;
  22   1          if(P31==0)temp=6;
  23   1          if(P32==0)temp=5;
  24   1          if(P33==0)temp=4;
  25   1          */
  26   1          
  27   1          // --- 矩阵按键扫描开始 ---
  28   1          // 兼容性说明：如果需要测量频率，那么必须注释P34相关的所有东西。
  29   1          
  30   1          // --- 扫描第一行 (由 P4.4 控制) ---
  31   1          // 准备阶段：将所有正在使用的行线设置为高电平。
  32   1          P44=1;P42=1;P35=1;//P34=1;
  33   1          
  34   1          // *** 关键的串口冲突检测 ***
  35   1          // P3.0是串口RXD引脚。当串口接收数据时，起始位会将其拉低。
  36   1          // 此行代码检查P3.0是否为低。如果为低，说明串口可能正在接收数据。
  37   1          // 为避免将串口信号误判为按键，或干扰串口通信，函数立即退出并返回0。
  38   1          if(P30==0)return 0; 
  39   1          
  40   1          // 核心操作：将第一行线(P4.4)拉低，其他行线保持高电平。
  41   1          P44=0;P42=1;P35=1;//P34=1;
  42   1          if(P30==0)temp=7;  // 检测第一列(P3.0)，如果为低电平，说明S7键被按下。
  43   1          if(P31==0)temp=6;  // 检测第二列(P3.1)，如果为低电平，说明S6键被按下。
  44   1          if(P32==0)temp=5;  // 检测第三列(P3.2)，如果为低电平，说明S5键被按下。
  45   1          if(P33==0)temp=4;  // 检测第四列(P3.3)，如果为低电平，说明S4键被按下。
  46   1          
  47   1          // --- 扫描第二行 (由 P4.2 控制) ---
  48   1          // 恢复所有行线为高电平，结束上一行的扫描。
  49   1          P44=1;P42=1;P35=1;//P34=1;
  50   1          
  51   1          // 再次进行串口冲突检测
  52   1          if(P30==0)return 0; 
  53   1          
  54   1          // 核心操作：将第二行线(P4.2)拉低。
C51 COMPILER V9.60.7.0   KEY                                                               03/27/2026 20:19:40 PAGE 2   

  55   1          P44=1;P42=0;P35=1;//P34=1;
  56   1          if(P30==0)temp=11; // 检测S11键。
  57   1          if(P31==0)temp=10; // 检测S10键。
  58   1      
  59   1          // 这是一个非常特殊的组合键检测
  60   1          if((P32==0)&&(P33==0))return 89; // 如果S9和S8同时被按下，立即返回一个特殊值89。
  61   1      
  62   1          if(P32==0)temp=9;  // 检测S9键。
  63   1          if(P33==0)temp=8;  // 检测S8键。
  64   1          
  65   1          // --- 扫描第三行 (由 P3.5 控制) ---
  66   1          // 恢复所有行线为高电平。
  67   1          P44=1;P42=1;P35=1;//P34=1;
  68   1          
  69   1          // 再次进行串口冲突检测
  70   1          if(P30==0)return 0;
  71   1          
  72   1          // 核心操作：将第三行线(P3.5)拉低。
  73   1          P44=1;P42=1;P35=0;//P34=1;
  74   1          if(P30==0)temp=15; // 检测S15键。
  75   1          if(P31==0)temp=14; // 检测S14键。
  76   1          if(P32==0)temp=13; // 检测S13键。
  77   1          if(P33==0)temp=12; // 检测S12键。
  78   1          
  79   1          // --- 扫描第四行 (已为频率测量功能注释掉) ---
  80   1          // 如果启用这部分，P3.4引脚将被用于按键扫描，从而无法用于频率测量。
  81   1          /*
  82   1              P44=1;P42=1;P35=1;P34=1;
  83   1              if(P30==0)return 0;
  84   1              P44=1;P42=1;P35=1;P34=0;
  85   1              if(P30==0)temp=19; // S19
  86   1              if(P31==0)temp=18; // S18
  87   1              if(P32==0)temp=17; // S17
  88   1              if(P33==0)temp=16; // S16
  89   1          */
  90   1      
  91   1          // --- 扫描结束，恢复端口状态 ---
  92   1          // 确保所有行线在函数退出时都恢复为高电平。
  93   1          P44=1;P42=1;P35=1;//P34=1;
  94   1          
  95   1          // 下面这行代码是为了在不影响P3.4（频率测量引脚）的情况下，将P3口的其他引脚设置为高阻输入状态。
  96   1          // 在8051架构中，向端口位写入'1'会使其配置为高阻输入，为下一次正确读取做准备。
  97   1          // 0xef = 1110 1111b，通过按位或操作，P3.4保持原样，其他位被置1。
  98   1          P3=P3|0xef;
  99   1          
 100   1          return temp; // 返回检测到的按键值，或0（无按键/串口忙）。
 101   1      }


MODULE INFORMATION:   STATIC OVERLAYABLE
   CODE SIZE        =    133    ----
   CONSTANT SIZE    =   ----    ----
   XDATA SIZE       =   ----    ----
   PDATA SIZE       =   ----    ----
   DATA SIZE        =   ----    ----
   IDATA SIZE       =   ----    ----
   BIT SIZE         =   ----    ----
END OF MODULE INFORMATION.


C51 COMPILATION COMPLETE.  0 WARNING(S),  0 ERROR(S)
