C51 COMPILER V9.60.7.0   MAIN                                                              03/29/2026 14:17:21 PAGE 1   


C51 COMPILER V9.60.7.0, COMPILATION OF MODULE MAIN
OBJECT MODULE PLACED IN .\Objects\main.obj
COMPILER INVOKED BY: D:\Keil_v5\C51\BIN\C51.EXE ..\src\user\main.c OPTIMIZE(8,SPEED) BROWSE INCDIR(..\src\driver) DEBUG 
                    -OBJECTEXTEND PRINT(.\Listings\main.lst) TABS(2) OBJECT(.\Objects\main.obj)

line level    source

   1          // 包含 STC15F2K60S2 单片机的头文件，提供了寄存器定义等
   2          #include <STC15F2K60S2.H>
   3          
   4          
   5          // 包含自定义的初始化、外设驱动和功能模块的头文件
   6          #include "init.h" // 系统初始化
   7          #include "led.h"  // LED 模块
   8          #include "seg.h"  // 数码管模块
   9          #include "key.h"  // 按键模块
  10          
  11          #include "ds1302.h"     // DS1302 实时时钟模块
  12          #include "onewire.h"    // 单总线协议，用于温度传感器
  13          #include "iic.h"        // I2C 协议，用于 ADC/DAC 和 EEPROM
  14          #include "ultrasound.h" // 超声波模块
  15          #include "uart.h"       // 串口通信模块
  16          
  17          // 包含标准库头文件
  18          #include "string.h" // 字符串处理函数
  19          #include "stdio.h"  // 标准输入输出函数，如 printf 和 sscanf
  20          
  21          // 全局变量定义
  22          
  23          // `idata` 存储在内部高速 RAM 中，访问速度快
  24          // 系统滴答计时器，由 Timer1 中断每毫秒增加一次
  25          idata unsigned long int uwTick;
  26          
  27          // `pdata` 存储在外部 RAM 的分页区域，访问速度较快
  28          // LED灯的状态数组，对应8个LED的亮灭
  29          pdata unsigned char ucLed[8] = {0, 0, 0, 0, 0, 0, 0, 0};
  30          
  31          // 数码管显示缓冲区，存储要在8位数码管上显示的数字或符号
  32          pdata unsigned char Seg_Buf[8] = {10, 10, 10, 10, 10, 10, 10, 10}; // 10代表不显示
  33          // 当前正在刷新的数码管位置索引 (0-7)
  34          idata unsigned char Seg_Pos = 0;
  35          
  36          // 按键状态变量
  37          idata unsigned char Key_Val;  // 当前按键值
  38          idata unsigned char Key_Old;  // 上一次的按键值，用于检测边沿
  39          idata unsigned char Key_Up;   // 按键抬起事件标志
  40          idata unsigned char Key_Down; // 按键按下事件标志
  41          
  42          // `idata` 存储在内部高速 RAM 中
  43          // 存储放大10倍的温度值，以处理一位小数
  44          idata unsigned int Temperature_10x;
  45          
  46          // `idata` 存储在内部高速 RAM 中
  47          // 存储超声波测量的距离
  48          idata unsigned int Distance;
  49          idata unsigned int distance_old;
  50          pdata unsigned int distance_data[32];
  51          idata unsigned char distance_count;
  52          idata bit distance_record_flag;
  53          idata unsigned int time_6000ms;
  54          idata bit recording_completed_flag;
C51 COMPILER V9.60.7.0   MAIN                                                              03/29/2026 14:17:21 PAGE 2   

  55          idata unsigned char distance_output_index;
  56          idata bit dac_out_flag;
  57          idata unsigned int time_1000ms;
  58          
  59          // 数码管显示模式
  60          // 0:测距界面 1:参数界面 2:工厂模式界面
  61          idata unsigned char Seg_Show_Mode;
  62          
  63          // 测距模式
  64          idata bit distance_mode; // 0:cm 1:m
  65          
  66          // 参数界面
  67          idata unsigned char para_mode; // 参数编号
  68          idata unsigned char distance_para = 40;
  69          idata unsigned char temperature_para = 30;
  70          
  71          // 工厂模式
  72          idata unsigned char factory_mode;         // 工厂模式编号 0:校准值 1：介质设置 2：DAC输出
  73          idata char calibration_data;              // 校准值
  74          idata unsigned char calibration_data_abs; // 校准值绝对值
  75          
  76          idata unsigned int transmission_speed = 340;
  77          
  78          idata unsigned char dac_output_lower_limit = 10;
  79          
  80          idata bit S89_flag;
  81          idata unsigned int time_2000ms;
  82          
  83          idata bit factory_flag;
  84          idata bit led_flag;
  85          idata unsigned char time_100ms;
  86          
  87          /**
  88           * @brief 按键处理函数
  89           * 检测按键的按下和抬起事件，并根据按键执行相应操作。
  90           */
  91          void Key_Proc()
  92          {
  93   1          Key_Val = Key_Read(); // 读取当前按key的状态
  94   1          // 使用异或运算检测按键状态变化，& Key_Val 检测下降沿（按下）
  95   1          Key_Down = Key_Val & (Key_Val ^ Key_Old);
  96   1          // 使用异或运算检测按键状态变化，& ~Key_Val 检测上降沿（抬起）
  97   1          Key_Up = ~Key_Val & (Key_Val ^ Key_Old);
  98   1          Key_Old = Key_Val; // 更新旧的按键值
  99   1      
 100   1          if (distance_record_flag == 1)
 101   1              return;
 102   1      
 103   1          if (Key_Old == 89)
 104   1          {
 105   2              S89_flag = 1;
 106   2              if (time_2000ms >= 2000)
 107   2              {
 108   3                  Seg_Show_Mode = 0;
 109   3                  para_mode = 0;
 110   3                  distance_para = 40;
 111   3                  temperature_para = 30;
 112   3                  factory_mode = 0;
 113   3                  calibration_data = 0;
 114   3                  transmission_speed = 340;
 115   3                  dac_output_lower_limit = 10;
 116   3                  S89_flag = 0;
C51 COMPILER V9.60.7.0   MAIN                                                              03/29/2026 14:17:21 PAGE 3   

 117   3              }
 118   2          }
 119   1      
 120   1          switch (Key_Down)
 121   1          {
 122   2          // 界面切换按键
 123   2          case 4:
 124   2              Seg_Show_Mode = (++Seg_Show_Mode) % 3;
 125   2              // 出测距界面
 126   2              if (Seg_Show_Mode == 1)
 127   2                  distance_mode = 0;
 128   2              // 出参数界面
 129   2              if (Seg_Show_Mode == 2)
 130   2              {
 131   3                  para_mode = 0;
 132   3                  factory_flag = 1;
 133   3              }
 134   2              // 出工厂模式
 135   2              if (Seg_Show_Mode == 0)
 136   2              {
 137   3                  factory_mode = 0;
 138   3                  factory_flag = 0;
 139   3              }
 140   2              break;
 141   2      
 142   2          // 子界面切换按键
 143   2          case 5:
 144   2              switch (Seg_Show_Mode)
 145   2              {
 146   3              // 测距界面切换单位
 147   3              case 0:
 148   3                  distance_mode ^= 1;
 149   3                  break;
 150   3              // 参数界面切换参数
 151   3              case 1:
 152   3                  para_mode ^= 1;
 153   3                  break;
 154   3              // 工厂模式切换
 155   3              case 2:
 156   3                  factory_mode = (++factory_mode) % 3;
 157   3                  break;
 158   3              }
 159   2              break;
 160   2      
 161   2          // 加按键
 162   2          case 8:
 163   2              switch (Seg_Show_Mode)
 164   2              {
 165   3              // 测距界面
 166   3              case 0:
 167   3                  distance_record_flag = 1;
 168   3                  time_6000ms = 0;
 169   3                  recording_completed_flag = 0;
 170   3                  distance_count = 0;
 171   3                  distance_old = 0xffff;
 172   3                  distance_output_index = 0;
 173   3                  break;
 174   3      
 175   3              // 参数界面
 176   3              case 1:
 177   3                  // 距离参数
 178   3                  if (para_mode == 0)
C51 COMPILER V9.60.7.0   MAIN                                                              03/29/2026 14:17:21 PAGE 4   

 179   3                      distance_para = (distance_para == 90) ? 10 : distance_para + 10;
 180   3                  // 温度参数
 181   3                  else
 182   3                      temperature_para = (temperature_para == 80) ? 0 : temperature_para + 1;
 183   3                  break;
 184   3      
 185   3              // 工厂模式
 186   3              case 2:
 187   3                  // 校准值
 188   3                  if (factory_mode == 0)
 189   3                      calibration_data = (calibration_data == 90) ? -90 : calibration_data + 5;
 190   3                  // 传输速度值
 191   3                  else if (factory_mode == 1)
 192   3                      transmission_speed = (transmission_speed == 9990) ? 10 : transmission_speed + 10;
 193   3                  else
 194   3                      dac_output_lower_limit = (dac_output_lower_limit == 20) ? 1 : dac_output_lower_limit + 1;
 195   3                  break;
 196   3              }
 197   2              break;
 198   2      
 199   2          // 减按键
 200   2          case 9:
 201   2              switch (Seg_Show_Mode)
 202   2              {
 203   3              // 测距界面
 204   3              case 0:
 205   3                  dac_out_flag = 1;
 206   3      
 207   3                  break;
 208   3      
 209   3              // 参数界面
 210   3              case 1:
 211   3                  // 距离参数
 212   3                  if (para_mode == 0)
 213   3                      distance_para = (distance_para == 10) ? 90 : distance_para - 10;
 214   3                  // 温度参数
 215   3                  else
 216   3                      temperature_para = (temperature_para == 0) ? 80 : temperature_para - 1;
 217   3                  break;
 218   3      
 219   3              // 工厂模式
 220   3              case 2:
 221   3                  // 校准值
 222   3                  if (factory_mode == 0)
 223   3                      calibration_data = (calibration_data == -90) ? 90 : calibration_data - 5;
 224   3                  // 传输速度值
 225   3                  else if (factory_mode == 1)
 226   3                      transmission_speed = (transmission_speed == 10) ? 9990 : transmission_speed - 10;
 227   3                  else
 228   3                      dac_output_lower_limit = (dac_output_lower_limit == 1) ? 20 : dac_output_lower_limit - 1;
 229   3                  break;
 230   3              }
 231   2      
 232   2              break;
 233   2          }
 234   1      }
 235          
 236          /**
 237           * @brief 数码管显示处理函数
 238           * 根据当前的 Seg_Show_Mode，准备要显示在数码管上的数据。
 239           */
 240          void Seg_Proc()
C51 COMPILER V9.60.7.0   MAIN                                                              03/29/2026 14:17:21 PAGE 5   

 241          {
 242   1          // 根据显示模式来填充数码管显示缓冲区 Seg_Buf
 243   1          switch (Seg_Show_Mode)
 244   1          {
 245   2          // 0:测距界面
 246   2          case 0:
 247   2              Seg_Buf[0] = Temperature_10x / 100 % 10;
 248   2              Seg_Buf[1] = Temperature_10x / 10 % 10 + ',';
 249   2              Seg_Buf[2] = Temperature_10x % 10;
 250   2              Seg_Buf[3] = 11;
 251   2              // cm
 252   2              if (distance_mode == 0)
 253   2              {
 254   3                  Seg_Buf[4] = (Distance / 1000 % 10 == 0) ? 10 : Distance / 1000 % 10;
 255   3                  Seg_Buf[5] = (Distance / 100 % 10 == 0 && Seg_Buf[4] == 10) ? 10 : Distance / 100 % 10;
 256   3                  Seg_Buf[6] = (Distance / 10 % 10 == 0 && Seg_Buf[5] == 10) ? 10 : Distance / 10 % 10;
 257   3                  Seg_Buf[7] = Distance % 10;
 258   3              }
 259   2              // m
 260   2              else
 261   2              {
 262   3                  Seg_Buf[4] = (Distance / 1000 % 10 == 0) ? 10 : Distance / 1000 % 10;
 263   3                  Seg_Buf[5] = Distance / 100 % 10 + ',';
 264   3                  Seg_Buf[6] = Distance / 10 % 10;
 265   3                  Seg_Buf[7] = Distance % 10;
 266   3              }
 267   2              break;
 268   2      
 269   2          // 1：参数界面
 270   2          case 1:
 271   2              Seg_Buf[0] = 12;
 272   2              Seg_Buf[1] = para_mode + 1;
 273   2              Seg_Buf[2] = 10;
 274   2              Seg_Buf[3] = 10;
 275   2              Seg_Buf[4] = 10;
 276   2              Seg_Buf[5] = 10;
 277   2              if (para_mode == 0)
 278   2              {
 279   3                  Seg_Buf[6] = distance_para / 10 % 10;
 280   3                  Seg_Buf[7] = distance_para % 10;
 281   3              }
 282   2              else
 283   2              {
 284   3                  Seg_Buf[6] = (temperature_para / 10 % 10 == 0) ? 10 : temperature_para / 10 % 10;
 285   3                  Seg_Buf[7] = temperature_para % 10;
 286   3              }
 287   2              break;
 288   2      
 289   2          // 2:工厂模式界面
 290   2          case 2:
 291   2              Seg_Buf[0] = 13;
 292   2              Seg_Buf[1] = factory_mode + 1;
 293   2              Seg_Buf[2] = 10;
 294   2              Seg_Buf[3] = 10;
 295   2              if (factory_mode == 0)
 296   2              {
 297   3                  Seg_Buf[4] = 10;
 298   3                  if (calibration_data >= 0)
 299   3                  {
 300   4                      Seg_Buf[5] = (calibration_data / 100 % 10 == 0) ? 10 : calibration_data / 100 % 10;
 301   4                      Seg_Buf[6] = (calibration_data / 10 % 10 == 0 && Seg_Buf[5] == 10) ? 10 : calibration_data
             - / 10 % 10;
C51 COMPILER V9.60.7.0   MAIN                                                              03/29/2026 14:17:21 PAGE 6   

 302   4                      Seg_Buf[7] = calibration_data % 10;
 303   4                  }
 304   3                  else if (calibration_data > -10)
 305   3                  {
 306   4                      calibration_data_abs = -calibration_data;
 307   4                      Seg_Buf[5] = 10;
 308   4                      Seg_Buf[6] = 11;
 309   4                      Seg_Buf[7] = calibration_data_abs % 10;
 310   4                  }
 311   3                  else
 312   3                  {
 313   4                      calibration_data_abs = -calibration_data;
 314   4                      Seg_Buf[5] = 11;
 315   4                      Seg_Buf[6] = calibration_data_abs / 10 % 10;
 316   4                      Seg_Buf[7] = calibration_data_abs % 10;
 317   4                  }
 318   3              }
 319   2              else if (factory_mode == 1)
 320   2              {
 321   3                  Seg_Buf[4] = (transmission_speed / 1000 % 10 == 0) ? 10 : transmission_speed / 1000 % 10;
 322   3                  Seg_Buf[5] = (transmission_speed / 100 % 10 == 0 && Seg_Buf[4] == 10) ? 10 : transmission_spee
             -d / 100 % 10;
 323   3                  Seg_Buf[6] = (transmission_speed / 10 % 10 == 0 && Seg_Buf[5] == 10) ? 10 : transmission_speed
             - / 10 % 10;
 324   3                  Seg_Buf[7] = transmission_speed % 10;
 325   3              }
 326   2              else
 327   2              {
 328   3                  Seg_Buf[4] = 10;
 329   3                  Seg_Buf[5] = 10;
 330   3                  Seg_Buf[6] = dac_output_lower_limit / 10 % 10 + ',';
 331   3                  Seg_Buf[7] = dac_output_lower_limit % 10;
 332   3              }
 333   2              break;
 334   2          }
 335   1      }
 336          
 337          /**
 338           * @brief LED处理函数
 339           * 设置LED的状态，这里是固定的交替亮灭模式。
 340           */
 341          void Led_Proc()
 342          {
 343   1          unsigned char i;
 344   1      
 345   1          switch (Seg_Show_Mode)
 346   1          {
 347   2          // 测距界面
 348   2          case 0:
 349   2              if (Distance >= 255)
 350   2              {
 351   3                  for (i = 0; i < 8; i++)
 352   3                  {
 353   4                      ucLed[i] = 1;
 354   4                  }
 355   3              }
 356   2              else
 357   2              {
 358   3                  for (i = 0; i < 8; i++)
 359   3                  {
 360   4                      ucLed[i] = (Distance >> i) & 1;
 361   4                  }
C51 COMPILER V9.60.7.0   MAIN                                                              03/29/2026 14:17:21 PAGE 7   

 362   3              }
 363   2              break;
 364   2          // 参数界面
 365   2          case 1:
 366   2              for (i = 0; i < 7; i++)
 367   2                  ucLed[i] = 0;
 368   2              ucLed[7] = 1;
 369   2              break;
 370   2          // 工厂模式
 371   2          case 2:
 372   2              for (i = 1; i < 8; i++)
 373   2                  ucLed[i] = 0;
 374   2              ucLed[0] = led_flag;
 375   2              break;
 376   2          }
 377   1          Led_Disp(ucLed); // 实际的显示操作在Timer1中断中根据PWM进行
 378   1      
 379   1          if ((Distance >= distance_para - 5) && (Distance <= distance_para + 5) && (Temperature_10x <= temperat
             -ure_para * 10))
 380   1              Relay(1);
 381   1          else
 382   1              Relay(0);
 383   1      }
 384          
 385          /**
 386           * @brief 获取DS18B20温度
 387           */
 388          void Get_Temperature()
 389          {
 390   1          // 调用单总线驱动函数读取温度，并放大10倍
 391   1          Temperature_10x = rd_temperature() * 10;
 392   1      }
 393          
 394          /**
 395           * @brief ADC/DAC处理函数
 396           * 读取光敏电阻和电位器的AD值，并设置DAC输出。
 397           */
 398          void AD_DA()
 399          {
 400   1      }
 401          
 402          /**
 403           * @brief 获取超声波测量的距离
 404           */
 405          void Get_Distance()
 406          {
 407   1          Distance = Ut_Wave_Data(transmission_speed) + calibration_data; // 调用超声波驱动函数
 408   1        
 409   1          if(distance_record_flag == 1 && distance_count < 32 && Distance != distance_old)
 410   1          {
 411   2            distance_data[distance_count] = Distance;
 412   2            distance_old = Distance;
 413   2            distance_count++;
 414   2          }     
 415   1      }
 416          
 417          /**
 418           * @brief 定时器1初始化函数
 419           * 配置为1ms中断的定时器，作为系统的心跳。
 420           */
 421          void Timer1_Init(void) // 1毫秒@12.000MHz
 422          {
C51 COMPILER V9.60.7.0   MAIN                                                              03/29/2026 14:17:21 PAGE 8   

 423   1          AUXR &= 0xBF; // 定时器时钟12T模式
 424   1          TMOD &= 0x0F; // 设置定时器模式 (清空T1的设置)
 425   1          TL1 = 0x18;   // 设置定时初始值 (65536-1000) -> FC18H
 426   1          TH1 = 0xFC;   // 设置定时初始值
 427   1          TF1 = 0;      // 清除TF1溢出标志
 428   1          TR1 = 1;      // 定时器1开始计时
 429   1          ET1 = 1;      // 使能定时器1中断
 430   1          EA = 1;       // 开启总中断
 431   1      }
 432          
 433          /**
 434           * @brief 定时器1中断服务函数
 435           * 每1ms执行一次，处理需要定时执行的任务。
 436           */
 437          void Timer1_Isr(void) interrupt 3
 438          {
 439   1          uwTick++; // 系统滴答计时器加1
 440   1      
 441   1          // 数码管动态扫描
 442   1          Seg_Pos = (++Seg_Pos) % 8; // 切换到下一位数码管
 443   1          // 判断显示缓冲区的值是否需要显示小数点
 444   1          // (通过给数字加上一个大偏移量','作为标志)
 445   1          if (Seg_Buf[Seg_Pos] > 20)
 446   1              // 显示数字，并点亮小数点
 447   1              Seg_Disp(Seg_Pos, Seg_Buf[Seg_Pos] - ',', 1);
 448   1          else
 449   1              // 显示数字，不点亮小数点
 450   1              Seg_Disp(Seg_Pos, Seg_Buf[Seg_Pos], 0);
 451   1      
 452   1          if (distance_record_flag == 1)
 453   1          {
 454   2              if (++time_6000ms == 6000)
 455   2              {
 456   3                  distance_record_flag = 0;
 457   3                  recording_completed_flag = 1;
 458   3              }
 459   2          }
 460   1          else
 461   1              time_6000ms = 0;
 462   1      
 463   1          if (S89_flag == 1)
 464   1          {
 465   2              if (++time_2000ms >= 2000)
 466   2                  time_2000ms = 2001;
 467   2          }
 468   1          else
 469   1              time_2000ms = 0;
 470   1      
 471   1          if (factory_flag == 1)
 472   1          {
 473   2              if (++time_100ms == 100)
 474   2              {
 475   3                  led_flag ^= 1;
 476   3                  time_100ms = 0;
 477   3              }
 478   2          }
 479   1          else
 480   1          {
 481   2              time_100ms = 0;
 482   2              led_flag = 0;
 483   2          }
 484   1          
C51 COMPILER V9.60.7.0   MAIN                                                              03/29/2026 14:17:21 PAGE 9   

 485   1          if(dac_out_flag == 1)
 486   1          {
 487   2            if(++time_1000ms == 1000)
 488   2            {
 489   3              time_1000ms = 0;
 490   3              if (recording_completed_flag == 1 && distance_count> 0)
 491   3              {
 492   4                if (distance_data[distance_output_index] <= 10)
 493   4                  Da_Write(((float)dac_output_lower_limit / 10.0) * 51.0);
 494   4                else if (distance_data[distance_output_index] >= 90)
 495   4                  Da_Write(5 * 51);
 496   4                else
 497   4                  Da_Write(((float)(5.0 - (float)dac_output_lower_limit / 10.0) * (float)(distance_data[distance
             -_output_index] - 10) / 80.0 + (float)dac_output_lower_limit / 10.0) * 51.0);   
 498   4                if(distance_output_index < distance_count - 1)
 499   4                  distance_output_index++;
 500   4              }
 501   3              else
 502   3                dac_out_flag = 0;
 503   3            }
 504   2          }
 505   1          else
 506   1            time_1000ms = 0;
 507   1      }
 508          
 509          // 简单任务调度器结构体定义
 510          typedef struct
 511          {
 512              void (*task_func)(void);   // 任务函数指针
 513              unsigned long int rate_ms; // 任务执行周期（毫秒）
 514              unsigned long int last_ms; // 上次执行的时间戳
 515          } task_t;
 516          
 517          // 任务列表
 518          idata task_t Scheduler_Task[] = {
 519              {Led_Proc, 1, 0},          // LED任务，每1ms
 520              {Key_Proc, 10, 0},         // 按键任务，每10ms
 521              {Seg_Proc, 20, 0},         // 数码管任务，每20ms
 522              {Get_Temperature, 300, 0}, // 获取温度任务，每300ms
 523              {AD_DA, 150, 0},           // AD/DA任务，每150ms
 524              {Get_Distance, 120, 0},    // 获取距离任务，每120ms
 525          
 526          };
 527          
 528          idata unsigned char task_num; // 任务数量
 529          
 530          /**
 531           * @brief 调度器初始化
 532           * 计算任务列表中的任务数量。
 533           */
 534          void Scheduler_Init()
 535          {
 536   1          task_num = sizeof(Scheduler_Task) / sizeof(task_t);
 537   1      }
 538          
 539          /**
 540           * @brief 调度器运行函数
 541           * 循环检查每个任务是否到达执行时间。
 542           */
 543          void Scheduler_Run()
 544          {
 545   1          unsigned char i;
C51 COMPILER V9.60.7.0   MAIN                                                              03/29/2026 14:17:21 PAGE 10  

 546   1          for (i = 0; i < task_num; i++)
 547   1          {
 548   2              unsigned long int now_time = uwTick; // 获取当前时间
 549   2              // 判断是否到达任务执行时间 (当前时间 >= 上次执行时间 + 周期)
 550   2              if (now_time >= (Scheduler_Task[i].rate_ms + Scheduler_Task[i].last_ms))
 551   2              {
 552   3                  Scheduler_Task[i].last_ms = now_time; // 更新上次执行时间
 553   3                  Scheduler_Task[i].task_func();        // 执行任务函数
 554   3              }
 555   2          }
 556   1      }
 557          
 558          /**
 559           * @brief 主函数
 560           */
 561          void main()
 562          {
 563   1          System_Init();    // 系统底层初始化
 564   1          Scheduler_Init(); // 任务调度器初始化
 565   1          Timer1_Init();    // 定时器1（系统心跳）初始化
 566   1      
 567   1          // 主循环
 568   1          while (1)
 569   1          {
 570   2              Scheduler_Run(); // 循环执行任务调度器
 571   2          }
 572   1      }


MODULE INFORMATION:   STATIC OVERLAYABLE
   CODE SIZE        =   2229    ----
   CONSTANT SIZE    =   ----    ----
   XDATA SIZE       =   ----    ----
   PDATA SIZE       =     80    ----
   DATA SIZE        =   ----       6
   IDATA SIZE       =    101    ----
   BIT SIZE         =      7    ----
END OF MODULE INFORMATION.


C51 COMPILATION COMPLETE.  0 WARNING(S),  0 ERROR(S)
